../app/hw.c:24:6:hw_init_debouncing_timer	8	static
../app/hw.c:29:6:hw_timer_start	16	static
../app/hw.c:33:6:hw_pwm_start	8	static
../app/hw.c:38:6:hw_set_duty	24	static
../app/hw.c:44:6:hw_set_debouncing_timer	24	static
../app/hw.c:51:6:HAL_TIM_PeriodElapsedCallback	16	static
../app/hw.c:63:6:HAL_GPIO_EXTI_Callback	16	static
../app/hw.c:72:6:hw_button_state_get	16	static
../app/hw.c:80:6:hw_delay_ms	16	static
../app/hw.c:84:6:hw_cpu_sleep	4	static,ignoring_inline_asm
../app/hw.c:88:10:hw_tick_ms_get	8	static
